warning: type cast int to float, line 4
warning: type cast int to float, line 6
warning: type cast int to float, line 9
warning: type cast int to float, line 13
warning: type cast int to float, line 14
warning: type cast int to float, line 15
warning: type cast int to float, line 16
warning: type cast int to float, line 17
