 Number of Registers: 5
	r3 = ARP + 4
	r3 = *r3
	r3 = r3
	r2 = ARP + 8
	r2 = *r2
	r2 = r2
	r1 = r3 + r2
	r0 = r1
	r3 = 0
	r2 = 1
	r1 = r3 + r2
	r3 = r0
	r2 = r1
	r4 = ARP + 4
	*r4 = r0
	r0 = r3 + r2
	r0 = r0
	r4 = ARP + 8
	*r4 = r1
	r1 = 0
	r3 = 1
	r2 = 2
	r4 = ARP + 12
	*r4 = r1
	r1 = 3
	r1 = 4
	r4 = ARP + 4
	*r4 = r0
	r0 = r0
	r2 = r3 - r2
	r3 = r3 + r1
	r0 = r0 + r2
	r0 = r3 *r0
	r0 = r0
	r4 = ARP + 4
	*r4 = r0
	r0 = 0
	r4 = ARP + 8
	*r4 = r0
 Number Load Operations: 2
 Number Store Operations: 6
