 Number of Registers: 4
	r2 = 0
	r1 = 1
	r0 = 2
	r3 = ARP + 12
	*r3 = r0
	r3 = ARP + 8
	*r3 = r1
	r3 = ARP + 4
	*r3 = r2
 Number Load Operations: 0
 Number Store Operations: 3
