 Number of Registers: 5
	r3 = ARP + 4
	r3 = *r3
	r3 = r3
	r2 = ARP + 8
	r2 = *r2
	r2 = r2
	r1 = r3 + r2
	r0 = r1
	r3 = 0
	r1 = ARP + 24
	r1 = *r1
	r2 = r1 + 1
	r1 = r3 + r2
	r3 = r0
	r2 = r1
	r4 = ARP + 4
	*r4 = r0
	r0 = r3 + r2
	r0 = r0
	r3 = 1 + 1
	r0 = r3
	r1 = 0
	r0 = r0
	r4 = ARP + 4
	*r4 = r0
	r4 = ARP + 8
	*r4 = r1
 Number Load Operations: 3
 Number Store Operations: 3
