 Number of Registers: 4
	r2 = ARP + 8
	r2 = *r2
	r2 = r2 + 1
	r1 = ARP + 12
	r1 = *r1
	r0 = r2 + r1
	r1 = r1
	r3 = ARP + 4
	*r3 = r0
	r0 = r0 + r2
	r3 = ARP + 20
	*r3 = r0
	r3 = ARP + 16
	*r3 = r1
	r3 = ARP + 8
	*r3 = r2
 Number Load Operations: 2
 Number Store Operations: 4
