 Number of Registers: 4
	r2 = ARP + 4
	r2 = *r2
	r2 = r2
	r1 = ARP + 8
	r1 = *r1
	r1 = r1
	r0 = r2 + r1
	r0 = r0
	r2 = 0
	r1 = 1
	r1 = r2 + r1
	r2 = r0
	r3 = ARP + 4
	*r3 = r0
	r0 = r1
	r0 = r2 + r0
	r0 = r0
	r3 = ARP + 4
	*r3 = r0
	r3 = ARP + 8
	*r3 = r1
 Number Load Operations: 2
 Number Store Operations: 3
