!"#$%1 38 &
1 47 /
1 40 (
1 41 )
1 61 =
?1 42 *
#Total Number of Tokens Matched was 6
