1 260 ->
2 275 if
#Total Number of Tokens Matched was 2
