3 271 int
3 257 x
3 59 ;
7 271 int
7 257 s
7 40 (
7 271 int
7 257 x
7 41 )
7 123 {
8 278 return
8 257 x
8 43 +
8 258 1
8 59 ;
9 125 }
#Total Number of Tokens Matched was 16
