1 271 int
1 257 x
1 59 ;
4 271 int
4 257 s
4 40 (
4 271 int
4 257 x
4 41 )
4 123 {
5 278 return
5 257 x
5 43 +
5 258 1
5 59 ;
5 125 }
3 271 int
3 257 f
3 40 (
3 271 int
3 257 x
3 41 )
3 123 {
4 271 int
4 257 y
4 59 ;
4 271 int
4 257 z
4 59 ;
5 275 if
5 40 (
5 257 x
5 265 <=
5 258 1
5 41 )
5 257 then
6 278 return
6 258 1
6 59 ;
7 276 else
7 123 {
7 257 y
7 61 =
7 257 x
7 45 -
7 258 1
7 59 ;
7 257 z
7 61 =
7 257 f
7 40 (
7 257 y
7 41 )
7 59 ;
7 278 return
7 257 x
7 42 *
7 257 z
7 59 ;
7 125 }
8 125 }
5 271 int
5 257 x
5 59 ;
6 271 int
6 257 s
6 40 (
6 271 int
6 257 x
6 41 )
6 123 {
7 278 return
7 257 x
7 43 +
7 258 1
7 59 ;
8 125 }
1 273 void
1 257 main
1 40 (
1 41 )
1 123 {
2 271 int
2 257 i
2 59 ;
2 271 int
2 257 j
2 59 ;
3 271 int
3 257 a
3 91 [
3 258 10
3 93 ]
3 59 ;
4 271 int
4 257 b
4 91 [
4 258 10
4 93 ]
4 59 ;
5 257 i
5 61 =
5 258 0
5 59 ;
6 257 j
6 61 =
6 258 10
6 59 ;
7 277 while
7 40 (
7 257 i
7 263 <
7 257 j
7 41 )
7 123 {
8 257 i
8 61 =
8 257 i
8 43 +
8 258 2
8 59 ;
8 257 j
8 61 =
8 257 j
8 43 +
8 258 1
8 59 ;
9 257 a
9 91 [
9 257 i
9 93 ]
9 61 =
9 257 b
9 91 [
9 257 j
9 93 ]
9 59 ;
10 125 }
11 125 }
#Total Number of Tokens Matched was 139
